// Jest Snapshot v1, https://goo.gl/fbAQLP

exports[`App snapshot <HomeScreen> Test m책l, skritt g책tt, og om pedo er aktiv eller ei 1`] = `undefined`;

exports[`App snapshot <PedometerProgressGraph> Test om m책l n책d 1`] = `undefined`;

exports[`App snapshot renders the loading screen 1`] = `null`;

exports[`App snapshot renders the root without loading screen 1`] = `
<View
  style={
    Object {
      "backgroundColor": "#fff",
      "flex": 1,
    }
  }
>
  <View
    style={
      Object {
        "alignItems": "center",
        "backgroundColor": "lightgray",
        "flex": 1,
        "justifyContent": "center",
        "paddingHorizontal": 20,
      }
    }
  >
    <Image
      source={1}
      style={
        Object {
          "height": 100,
          "marginBottom": 5,
          "marginTop": 18,
          "width": 100,
        }
      }
    />
    <View
      style={
        Object {
          "alignSelf": "stretch",
          "backgroundColor": "lightgray",
          "borderBottomColor": "lightgray",
          "borderColor": "black",
          "borderWidth": 3,
          "marginBottom": 10,
        }
      }
    />
  </View>
</View>
`;
